// Jest Snapshot v1, https://goo.gl/fbAQLP

exports[`<SafeAreaContainer /> render correctly 1`] = `
<RCTSafeAreaView
  style={
    Array [
      Object {
        "backgroundColor": "#F8F8F8",
        "flex": 1,
        "paddingTop": 0,
      },
      undefined,
    ]
  }
>
  <Text>
    This is a test
  </Text>
</RCTSafeAreaView>
`;
