// Jest Snapshot v1, https://goo.gl/fbAQLP

exports[`<ScreenFooter /> render correctly 1`] = `
<View
  style={
    Array [
      Object {
        "flexDirection": "row",
        "marginVertical": 40,
      },
      undefined,
    ]
  }
>
  <View
    accessible={true}
    collapsable={false}
    focusable={true}
    onBlur={[Function]}
    onClick={[Function]}
    onFocus={[Function]}
    onResponderGrant={[Function]}
    onResponderMove={[Function]}
    onResponderRelease={[Function]}
    onResponderTerminate={[Function]}
    onResponderTerminationRequest={[Function]}
    onStartShouldSetResponder={[Function]}
    style={
      Array [
        Object {
          "backgroundColor": "#334FFA",
          "borderRadius": 10,
          "flex": 1,
          "flexDirection": "row",
          "justifyContent": "center",
        },
        Object {
          "paddingVertical": 17,
        },
        false,
      ]
    }
    testID="app-button"
  >
    <Text
      style={
        Array [
          Object {
            "color": "#020202",
            "fontFamily": "avenir-black",
            "fontSize": 12,
            "fontWeight": "800",
            "lineHeight": 16.39,
          },
          Object {
            "color": "#FFFFFF",
          },
        ]
      }
    >
      Test One
    </Text>
  </View>
  <View
    accessible={true}
    collapsable={false}
    focusable={true}
    onBlur={[Function]}
    onClick={[Function]}
    onFocus={[Function]}
    onResponderGrant={[Function]}
    onResponderMove={[Function]}
    onResponderRelease={[Function]}
    onResponderTerminate={[Function]}
    onResponderTerminationRequest={[Function]}
    onStartShouldSetResponder={[Function]}
    style={
      Array [
        Object {
          "backgroundColor": "#334FFA",
          "borderRadius": 10,
          "flex": 1,
          "flexDirection": "row",
          "justifyContent": "center",
        },
        Object {
          "paddingVertical": 17,
        },
        false,
      ]
    }
    testID="app-button"
  >
    <Text
      style={
        Array [
          Object {
            "color": "#020202",
            "fontFamily": "avenir-black",
            "fontSize": 12,
            "fontWeight": "800",
            "lineHeight": 16.39,
          },
          Object {
            "color": "#FFFFFF",
          },
        ]
      }
    >
      Test Two
    </Text>
  </View>
</View>
`;
